// Jest Snapshot v1, https://goo.gl/fbAQLP

exports[`Pruebas con AddCategory Debe de funcionar correctamente 1`] = `
<form
  onSubmit={[Function]}
>
  <p />
  <input
    id="category"
    onChange={[Function]}
    type="text"
    value=""
  />
</form>
`;
